A51 MACRO ASSEMBLER  LAB1_5                                                               05/10/2016 21:48:07 PAGE     1


MACRO ASSEMBLER A51 V8.02b
OBJECT MODULE PLACED IN LAB1.5.OBJ
ASSEMBLER INVOKED BY: C:\Keil\C51\BIN\A51.EXE LAB1.5.ASM SET(SMALL) DEBUG EP

LOC  OBJ            LINE     SOURCE

                       1     ; find smallest and largest among given data
                       2     
0000                   3                     ORG 00H
                       4                     
0000 7550D6            5                     MOV 50H,#0D6H
0003 7551F2            6                     MOV 51H,#0F2H
0006 7552E4            7                     MOV 52H,#0E4H
0009 7553A8            8                     MOV 53H,#0A8H
000C 7554CE            9                     MOV 54H,#0CEH
000F 7555B9           10                     MOV 55H,#0B9H
0012 7556FA           11                     MOV 56H,#0FAH
0015 7557AE           12                     MOV 57H,#0AEH
0018 7558BA           13                     MOV 58H,#0BAH
001B 7559CC           14                     MOV 59H,#0CCH
                      15                     
001E 7850             16                     MOV R0,#50H
                      17                     
0020 E6               18                     MOV A,@R0
0021 FF               19                     MOV R7,A        ;SMALLEST
0022 F9               20                     MOV R1,A        ;LARGEST
                      21                     
0023 7A09             22                     MOV R2,#09H
                      23                     
0025 08               24     NEXT:   INC R0
0026 EF               25                     MOV A,R7
0027 96               26                     SUBB A,@R0
0028 5002             27                     JNC NO_SMALL
002A E6               28                     MOV A,@R0
002B FF               29                     MOV R7,A
002C E9               30     NO_SMALL:       MOV A,R1
002D 96               31                     SUBB A,@R0
002E 4002             32                     JC NO_BIG
0030 E6               33                     MOV A,@R0
0031 F9               34                     MOV R1,A
0032 DAF1             35     NO_BIG: DJNZ R2,NEXT
                      36     
0034 8F80             37     LOOP:   MOV P0,R7
0036 113E             38                     ACALL DELAY
0038 8980             39                     MOV P0,R1
003A 113E             40                     ACALL DELAY
003C 0134             41                     AJMP LOOP
                      42     
003E 7B07             43     DELAY:  MOV R3,#7
0040 7CFF             44     HERE1:  MOV R4,#255
0042 7DFF             45     HERE2:  MOV R5,#255
0044 DDFE             46     HERE3:  DJNZ R5,HERE3
0046 DCFA             47                     DJNZ R4,HERE2
0048 DBF6             48                     DJNZ R3,HERE1
004A 22               49                     RET
                      50                     
                      51                     END
                                             
A51 MACRO ASSEMBLER  LAB1_5                                                               05/10/2016 21:48:07 PAGE     2

SYMBOL TABLE LISTING
------ ----- -------


N A M E             T Y P E  V A L U E   ATTRIBUTES

DELAY. . . . . . .  C ADDR   003EH   A   
HERE1. . . . . . .  C ADDR   0040H   A   
HERE2. . . . . . .  C ADDR   0042H   A   
HERE3. . . . . . .  C ADDR   0044H   A   
LOOP . . . . . . .  C ADDR   0034H   A   
NEXT . . . . . . .  C ADDR   0025H   A   
NO_BIG . . . . . .  C ADDR   0032H   A   
NO_SMALL . . . . .  C ADDR   002CH   A   
P0 . . . . . . . .  D ADDR   0080H   A   


REGISTER BANK(S) USED: 0 


ASSEMBLY COMPLETE.  0 WARNING(S), 0 ERROR(S)
