EN mux2to1 NULL C:/Users/user/Desktop/ES_LAB4/5/2to1mux_if_then_else.vhd sub00/vhpl00 1470236443
AR mux2to1 dataflow C:/Users/user/Desktop/ES_LAB4/5/2to1mux_when_else.vhd sub00/vhpl01 1470233396
AR mux2to1 behavioral C:/Users/user/Desktop/ES_LAB4/5/2to1mux_if_then_else.vhd sub00/vhpl02 1470236444
EN func NULL C:/Users/user/Desktop/ES_LAB4/3/func_behavioral.vhd sub00/vhpl03 1470237491
AR func behavioral C:/Users/user/Desktop/ES_LAB4/3/func_behavioral.vhd sub00/vhpl04 1470237492
