EN mux2to1 NULL C:/Users/user/xilinx_project/6/mux2to1_dataflow.vhd sub00/vhpl00 1470574629
AR mux2to1 dataflow C:/Users/user/xilinx_project/6/mux2to1_dataflow.vhd sub00/vhpl01 1470574630
AR mux4to1 structural C:/Users/user/xilinx_project/6/mux4to1_structural.vhd sub00/vhpl03 1470574632
EN mux4to1 NULL C:/Users/user/xilinx_project/6/mux4to1_structural.vhd sub00/vhpl02 1470574631
