AR not1 behavorial C:/Users/user/Desktop/ES_LAB4/4/sop/sop_not.vhd sub00/vhpl04 1470324714
AR and1 behavorial C:/Users/user/Desktop/ES_LAB4/4/sop/sop_and.vhd sub00/vhpl06 1470324716
EN sop NULL C:/Users/user/Desktop/ES_LAB4/4/sop/sop_structural.vhd sub00/vhpl00 1470324719
AR or1 behavorial C:/Users/user/Desktop/ES_LAB4/4/sop/sop_or.vhd sub00/vhpl08 1470324718
AR sop behavorial C:/Users/user/Desktop/ES_LAB4/4/sop/sop_behavorial.vhd sub00/vhpl02 1470322899
EN or1 NULL C:/Users/user/Desktop/ES_LAB4/4/sop/sop_or.vhd sub00/vhpl07 1470324717
AR sop structural C:/Users/user/Desktop/ES_LAB4/4/sop/sop_structural.vhd sub00/vhpl09 1470324720
AR sop dataflow C:/Users/user/Desktop/ES_LAB4/4/sop/sop_dataflow.vhd sub00/vhpl01 1470322529
EN not1 NULL C:/Users/user/Desktop/ES_LAB4/4/sop/sop_not.vhd sub00/vhpl03 1470324713
EN and1 NULL C:/Users/user/Desktop/ES_LAB4/4/sop/sop_and.vhd sub00/vhpl05 1470324715
